---
title: MySQL增删改查
date: 2023-06-15
---

## SELECT 语句

### SELECT...

```mysql
SELECT 1; #没有任何子句
SELECT 9/2; #没有任何子句
```

### SELECT ... FROM

- 语法：

```sql
SELECT   标识选择哪些列
FROM     标识从哪个表中选择
```

- 选择全部列：

```sql
SELECT *
FROM   departments;
```

![image-20230615223308987](https://qijiayi-image.oss-cn-shenzhen.aliyuncs.com/img/202306152233593.png)

> 一般情况下，除非需要使用表中所有的字段数据，最好不要使用通配符‘*’。使用通配符虽然可以节省输入查询语句的时间，但是获取不需要的列数据通常会降低查询和所使用的应用程序的效率。通配符的优势是，当不知道所需要的列的名称时，可以通过它获取它们。
>
> 在生产环境下，不推荐你直接使用`SELECT *`进行查询。

- 选择特定的列：

```sql
SELECT department_id, location_id
FROM   departments;
```

![image-20230615223317565](C:\Users\Mr.chen\AppData\Roaming\Typora\typora-user-images\image-20230615223317565.png)

> MySQL中的SQL语句是不区分大小写的，因此SELECT和select的作用是相同的，但是，许多开发人员习惯将关键字大写、数据列和表名小写，读者也应该养成一个良好的编程习惯，这样写出来的代码更容易阅读和维护。

### 列的别名

- 重命名一个列

- 便于计算

- 紧跟列名，也可以**在列名和别名之间加入关键字AS，别名使用双引号**，以便在别名中包含空格或特殊的字符并区分大小写。

- AS 可以省略

- 建议别名简短，见名知意

- 举例

  ```mysql
  SELECT last_name AS name, commission_pct comm
  FROM   employees;
  ```

  ![1554951616598](https://qijiayi-image.oss-cn-shenzhen.aliyuncs.com/img/202306152233559.png)

  ![1554951622467](https://qijiayi-image.oss-cn-shenzhen.aliyuncs.com/img/202306152233554.png)

  

  ```mysql
  SELECT last_name "Name", salary*12 "Annual Salary"
  FROM   employees;
  ```

![1554951648377](https://qijiayi-image.oss-cn-shenzhen.aliyuncs.com/img/202306152233539.png)

![1554951655368](https://qijiayi-image.oss-cn-shenzhen.aliyuncs.com/img/202306152233525.png)

### 去除重复行

默认情况下，查询会返回全部行，包括重复行。

```sql
SELECT department_id
FROM   employees;
```

![1554951711115](https://qijiayi-image.oss-cn-shenzhen.aliyuncs.com/img/202306152233542.png)

![1554951715923](https://qijiayi-image.oss-cn-shenzhen.aliyuncs.com/img/202306152233515.png)

**在SELECT语句中使用关键字DISTINCT去除重复行**

```sql
SELECT DISTINCT department_id
FROM   employees;
```

![1554951796570](https://qijiayi-image.oss-cn-shenzhen.aliyuncs.com/img/202306152233533.png)

![1554951801044](https://qijiayi-image.oss-cn-shenzhen.aliyuncs.com/img/202306152233552.png)

针对于：

```mysql
SELECT DISTINCT department_id,salary 
FROM employees;
```

这里有两点需要注意：

1. DISTINCT 需要放到所有列名的前面，如果写成`SELECT salary, DISTINCT department_id FROM employees`会报错。
2. DISTINCT 其实是对后面所有列名的组合进行去重，你能看到最后的结果是 74 条，因为这 74 个部门id不同，都有 salary 这个属性值。如果你想要看都有哪些不同的部门（department_id），只需要写`DISTINCT department_id`即可，后面不需要再加其他的列名了。

### 空值参与运算

- 所有运算符或列值遇到null值，运算的结果都为null

```sql
SELECT employee_id,salary,commission_pct,
12 * salary * (1 + commission_pct) "annual_sal"
FROM employees;
```

这里你一定要注意，在 MySQL 里面， 空值不等于空字符串。一个空字符串的长度是 0，而一个空值的长度是空。而且，在 MySQL 里面，空值是占用空间的。

### 着重号

- 错误的

```mysql
mysql> SELECT * FROM ORDER;
ERROR 1064 (42000): You have an error in your SQL syntax; check the manual that corresponds to your MySQL server version for the right syntax to use near 'ORDER' at line 1
```

- 正确的

```mysql
mysql> SELECT * FROM `ORDER`;
+----------+------------+
| order_id | order_name |
+----------+------------+
|        1 | shkstart   |
|        2 | tomcat     |
|        3 | dubbo      |
+----------+------------+
3 rows in set (0.00 sec)

mysql> SELECT * FROM `order`;
+----------+------------+
| order_id | order_name |
+----------+------------+
|        1 | shkstart   |
|        2 | tomcat     |
|        3 | dubbo      |
+----------+------------+
3 rows in set (0.00 sec)
```

- 结论

我们需要保证表中的字段、表名等没有和保留字、数据库系统或常用方法冲突。如果真的相同，请在SQL语句中使用一对``（着重号）引起来。

### 查询常数

SELECT 查询还可以对常数进行查询。对的，就是在 SELECT 查询结果中增加一列固定的常数列。这列的取值是我们指定的，而不是从数据表中动态取出的。

你可能会问为什么我们还要对常数进行查询呢？

SQL 中的 SELECT 语法的确提供了这个功能，一般来说我们只从一个表中查询数据，通常不需要增加一个固定的常数列，但如果我们想整合不同的数据源，用常数列作为这个表的标记，就需要查询常数。

比如说，我们想对 employees 数据表中的员工姓名进行查询，同时增加一列字段`corporation`，这个字段固定值为“尚硅谷”，可以这样写：

```mysql
SELECT '尚硅谷' as corporation, last_name FROM employees;
```

### 过滤数据

- 背景：

![1554952199742](https://qijiayi-image.oss-cn-shenzhen.aliyuncs.com/img/202306152233567.png)

- 语法：

  ```mysql
  SELECT 字段1,字段2
  FROM 表名
  WHERE 过滤条件
  ```

  - 使用WHERE 子句，将不满足条件的行过滤掉
  - **WHERE子句紧随 FROM子句**

- 举例


```sql
SELECT employee_id, last_name, job_id, department_id
FROM   employees
WHERE  department_id = 90 ;
```

![1554952277028](https://qijiayi-image.oss-cn-shenzhen.aliyuncs.com/img/202306152233582.png)



## 插入数据

### 实际问题

<img src="https://qijiayi-image.oss-cn-shenzhen.aliyuncs.com/img/202306152238615.png" alt="1555425366064" style="zoom:80%;" />

解决方式：使用 INSERT 语句向表中插入数据。

###  方式1：VALUES的方式添加

使用这种语法一次只能向表中插入**一条**数据。

**情况1：为表的所有字段按默认顺序插入数据**

```
INSERT INTO 表名
VALUES (value1,value2,....);
```

值列表中需要为表的每一个字段指定值，并且值的顺序必须和数据表中字段定义时的顺序相同。

举例：

```mysql
INSERT INTO departments
VALUES (70, 'Pub', 100, 1700);
```

```mysql
INSERT INTO	departments
VALUES		(100, 'Finance', NULL, NULL);
```

**情况2：为表的指定字段插入数据**

```mysql
INSERT INTO 表名(column1 [, column2, …, columnn]) 
VALUES (value1 [,value2, …, valuen]);
```

为表的指定字段插入数据，就是在INSERT语句中只向部分字段中插入值，而其他字段的值为表定义时的默认值。

在 INSERT 子句中随意列出列名，但是一旦列出，VALUES中要插入的value1,....valuen需要与column1,...columnn列一一对应。如果类型不同，将无法插入，并且MySQL会产生错误。

举例：

```mysql
INSERT INTO departments(department_id, department_name)
VALUES (80, 'IT');
```

 **情况3：同时插入多条记录**

INSERT语句可以同时向数据表中插入多条记录，插入时指定多个值列表，每个值列表之间用逗号分隔开，基本语法格式如下：

```mysql
INSERT INTO table_name 
VALUES 
(value1 [,value2, …, valuen]),
(value1 [,value2, …, valuen]),
……
(value1 [,value2, …, valuen]);
```

或者

```mysql
INSERT INTO table_name(column1 [, column2, …, columnn]) 
VALUES 
(value1 [,value2, …, valuen]),
(value1 [,value2, …, valuen]),
……
(value1 [,value2, …, valuen]);
```

举例：

```mysql
mysql> INSERT INTO emp(emp_id,emp_name)
    -> VALUES (1001,'shkstart'),
    -> (1002,'atguigu'),
    -> (1003,'Tom');
Query OK, 3 rows affected (0.00 sec)
Records: 3  Duplicates: 0  Warnings: 0
```

使用INSERT同时插入多条记录时，MySQL会返回一些在执行单行插入时没有的额外信息，这些信息的含义如下：
●　Records：表明插入的记录条数。
●　Duplicates：表明插入时被忽略的记录，原因可能是这些记录包含了重复的主键值。
●　Warnings：表明有问题的数据值，例如发生数据类型转换。

> 一个同时插入多行记录的INSERT语句等同于多个单行插入的INSERT语句，但是多行的INSERT语句在处理过程中`效率更高`。因为MySQL执行单条INSERT语句插入多行数据比使用多条INSERT语句快，所以在插入多条记录时最好选择使用单条INSERT语句的方式插入。

**小结：**

- `VALUES`也可以写成`VALUE`，但是VALUES是标准写法。


- 字符和日期型数据应包含在单引号中。


### 方式2：将查询结果插入到表中

INSERT还可以将SELECT语句查询的结果插入到表中，此时不需要把每一条记录的值一个一个输入，只需要使用一条INSERT语句和一条SELECT语句组成的组合语句即可快速地从一个或多个表中向一个表中插入多行。

基本语法格式如下：

```mysql
INSERT INTO 目标表名
(tar_column1 [, tar_column2, …, tar_columnn])
SELECT
(src_column1 [, src_column2, …, src_columnn])
FROM 源表名
[WHERE condition]
```

- 在 INSERT 语句中加入子查询。 
- **不必书写** **VALUES** **子句。** 
- 子查询中的值列表应与 INSERT 子句中的列名对应。

举例：

```sql
INSERT INTO emp2 
SELECT * 
FROM employees
WHERE department_id = 90;
```

```sql
INSERT INTO sales_reps(id, name, salary, commission_pct)
SELECT employee_id, last_name, salary, commission_pct
FROM   employees
WHERE  job_id LIKE '%REP%';
```

## 更新数据

![1555425824246](https://qijiayi-image.oss-cn-shenzhen.aliyuncs.com/img/202306152238623.png)

- 使用 UPDATE 语句更新数据。语法如下：

```mysql
UPDATE table_name
SET column1=value1, column2=value2, … , column=valuen
[WHERE condition]
```

- 可以一次更新**多条**数据。

- 如果需要回滚数据，需要保证在DML前，进行设置：**SET AUTOCOMMIT = FALSE;**

***

- 使用 **WHERE** 子句指定需要更新的数据。

```sql
UPDATE employees
SET    department_id = 70
WHERE  employee_id = 113;
```

- 如果省略 WHERE 子句，则表中的所有数据都将被更新。

```sql
UPDATE 	copy_emp
SET    	department_id = 110;
```

- **更新中的数据完整性错误**

```sql
UPDATE employees
SET    department_id = 55
WHERE  department_id = 110;
```

 ![1555426069578](https://qijiayi-image.oss-cn-shenzhen.aliyuncs.com/img/202306152238621.png)

> 说明：不存在 55 号部门

##  删除数据

![1555426124751](https://qijiayi-image.oss-cn-shenzhen.aliyuncs.com/img/202306152238639.png)

- 使用 DELETE 语句从表中删除数据

![1555426162264](https://qijiayi-image.oss-cn-shenzhen.aliyuncs.com/img/202306152238645.png)

```mysql
DELETE FROM table_name [WHERE <condition>];
```

table_name指定要执行删除操作的表；`[WHERE <condition>]`为可选参数，指定删除条件，如果没有WHERE子句，DELETE语句将删除表中的所有记录。

- 使用 WHERE 子句删除指定的记录。

```sql
DELETE FROM departments
WHERE  department_name = 'Finance';
```

- 如果省略 WHERE 子句，则表中的全部数据将被删除

```sql
DELETE FROM  copy_emp;
```

- **删除中的数据完整性错误**

```sql
DELETE FROM departments
WHERE       department_id = 60;
```

 ![1555426258516](https://qijiayi-image.oss-cn-shenzhen.aliyuncs.com/img/202306152238647.png)

> 说明：You cannot delete a row that contains a primary key that is used as a foreign key in another table.

## 显示表结构

使用DESCRIBE 或 DESC 命令，表示表结构。

```mysql
DESCRIBE employees;
或
DESC employees;
```

```mysql
mysql> desc employees;
+----------------+-------------+------+-----+---------+-------+
| Field          | Type        | Null | Key | Default | Extra |
+----------------+-------------+------+-----+---------+-------+
| employee_id    | int(6)      | NO   | PRI | 0       |       |
| first_name     | varchar(20) | YES  |     | NULL    |       |
| last_name      | varchar(25) | NO   |     | NULL    |       |
| email          | varchar(25) | NO   | UNI | NULL    |       |
| phone_number   | varchar(20) | YES  |     | NULL    |       |
| hire_date      | date        | NO   |     | NULL    |       |
| job_id         | varchar(10) | NO   | MUL | NULL    |       |
| salary         | double(8,2) | YES  |     | NULL    |       |
| commission_pct | double(2,2) | YES  |     | NULL    |       |
| manager_id     | int(6)      | YES  | MUL | NULL    |       |
| department_id  | int(4)      | YES  | MUL | NULL    |       |
+----------------+-------------+------+-----+---------+-------+
11 rows in set (0.00 sec)
```

其中，各个字段的含义分别解释如下：

- Field：表示字段名称。 
- Type：表示字段类型，这里 barcode、goodsname 是文本型的，price 是整数类型的。
- Null：表示该列是否可以存储NULL值。
- Key：表示该列是否已编制索引。PRI表示该列是表主键的一部分；UNI表示该列是UNIQUE索引的一部分；MUL表示在列中某个给定值允许出现多次。
- Default：表示该列是否有默认值，如果有，那么值是多少。
- Extra：表示可以获取的与给定列有关的附加信息，例如AUTO_INCREMENT等。

## MySQL8新特性：计算列

什么叫计算列呢？简单来说就是某一列的值是通过别的列计算得来的。例如，a列值为1、b列值为2，c列不需要手动插入，定义a+b的结果为c的值，那么c就是计算列，是通过别的列计算得来的。

在MySQL 8.0中，CREATE TABLE 和 ALTER TABLE 中都支持增加计算列。下面以CREATE TABLE为例进行讲解。

举例：定义数据表tb1，然后定义字段id、字段a、字段b和字段c，其中字段c为计算列，用于计算a+b的值。
首先创建测试表tb1，语句如下：

```mysql
CREATE TABLE tb1(
id INT,
a INT,
b INT,
c INT GENERATED ALWAYS AS (a + b) VIRTUAL
);
```

插入演示数据，语句如下：

```mysql
INSERT INTO tb1(a,b) VALUES (100,200);
```

查询数据表tb1中的数据，结果如下：

```mysql
mysql> SELECT * FROM tb1;
+------+------+------+------+
| id   | a    | b    | c    |
+------+------+------+------+
| NULL |  100 |  200 |  300 |
+------+------+------+------+
1 row in set (0.00 sec)
```

更新数据中的数据，语句如下：

```mysql
mysql> UPDATE tb1 SET a = 500;
Query OK, 0 rows affected (0.00 sec)
Rows matched: 1  Changed: 0  Warnings: 0
```





















